
> fittrack-pro---dieta-e-treino@0.0.0 build
> vite build

[36mvite v6.4.1 [32mbuilding for production...[36m[39m
node.exe : 
No C:\Program Files\n
odejs\npm.ps1:29 
caractere:3
+   & $NODE_EXE 
$NPM_CLI_JS $args
+   ~~~~~~~~~~~~~~~~~
~~~~~~~~~~~~
    + CategoryInfo   
           : NotSpe  
  cified: (:String   
 ) [], RemoteExce    
ption
    + FullyQualified 
   ErrorId : Native  
  CommandError
 
/index.css doesn't 
exist at build time, 
it will remain 
unchanged to be 
resolved at runtime
transforming...
[32mÔ£ô[39m 17 modules transformed.
[31mÔ£ù[39m Build 
failed in 998ms
[31merror during 
build:
[31m[vite:esbuild] 
Transform failed 
with 3 errors:
C:/fit_treck_app/comp
onents/Dashboard.tsx:
192:6: ERROR: The 
symbol "StatCard" 
has already been 
declared
C:/fit_treck_app/comp
onents/Dashboard.tsx:
203:6: ERROR: The 
symbol "SectionCard" 
has already been 
declared
C:/fit_treck_app/comp
onents/Dashboard.tsx:
216:7: ERROR: 
Multiple exports 
with the same name 
"default"[31m
file: [36mC:/fit_tre
ck_app/components/Das
hboard.tsx:192:6[31m
[33m
[33mThe symbol 
"StatCard" has 
already been 
declared[33m
190|  export default 
Dashboard;
191|  
192|  const StatCard 
= ({ label, value, 
sub, color, icon }: 
any) => (
   |        ^
193|    <div 
className="bg-white 
p-8 rounded-[2.5rem] 
shadow-sm border 
border-slate-100 
group 
hover:shadow-lg 
transition-all">
194|      <div 
className="flex 
justify-between 
items-start mb-6">

[33mThe symbol 
"SectionCard" has 
already been 
declared[33m
201|  );
202|  
203|  const 
SectionCard = ({ 
title, desc, icon, 
onClick }: any) => (
   |        ^
204|    <button 
onClick={onClick} 
className="w-full 
bg-white p-8 
rounded-[3rem] 
border-2 
border-slate-50 
shadow-sm flex 
items-center 
justify-between hover
:border-emerald-200 
transition-all group 
text-left">
205|      <div 
className="flex 
items-center gap-6">

[33mMultiple 
exports with the 
same name 
"default"[33m
214|  );
215|  
216|  export default 
Dashboard;
   |         ^
217|  
[31m
    at 
failureErrorWithLog (
C:\fit_treck_app\node
_modules\esbuild\lib\
main.js:1467:15)
    at C:\fit_treck_a
pp\node_modules\esbui
ld\lib\main.js:736:50
    at responseCallba
cks.<computed> (C:\fi
t_treck_app\node_modu
les\esbuild\lib\main.
js:603:9)
    at 
handleIncomingPacket 
(C:\fit_treck_app\nod
e_modules\esbuild\lib
\main.js:658:12)
    at Socket.readFro
mStdout (C:\fit_treck
_app\node_modules\esb
uild\lib\main.js:581:
7)
    at Socket.emit 
(node:events:518:28)
    at addChunk (node
:internal/streams/rea
dable:561:12)
    at readableAddChu
nkPushByteMode (node:
internal/streams/read
able:512:3)
    at Readable.push 
(node:internal/stream
s/readable:392:5)
    at 
Pipe.onStreamRead (no
de:internal/stream_ba
se_commons:189:23)[3
9m
